MSBUILD : error MSB1009: Project file does not exist.
Switch: c:\Users\USER\Projects\Bikode\Bikode.sln
EXIT_CODE=1 
