MSBuild version 17.14.40+3e7442088 for .NET Framework

C:\Program Files (x86)\Microsoft Visual Studio\2022\BuildTools\MSBuild\Microsoft\VC\v170\Microsoft.CppBuild.targets(538,5): warning MSB8028: The intermediate directory (c:\Users\USER\Projects\Bikode\bin\obj\x64\Debug\) contains files shared from another project (Notepad2e.vcxproj).  This can lead to incorrect clean and rebuild behavior. [c:\Users\USER\Projects\Bikode\Notepad2e.vcxproj]
C:\Program Files (x86)\Microsoft Visual Studio\2022\BuildTools\MSBuild\Microsoft\VC\v170\Microsoft.CppBuild.targets(1129,5): warning MSB8027: Two or more files with the name of AutoComplete.cxx will produce outputs to the same location. This can lead to an incorrect build result.  The files involved are scintilla\src\AutoComplete.cxx, scintilla\src\AutoComplete.cxx. [c:\Users\USER\Projects\Bikode\Notepad2e.vcxproj]
  UTF8DocumentIterator.cxx
  LexA68k.cxx
  LexAbaqus.cxx
  LexAda.cxx
  LexAHK.cxx
  LexAPDL.cxx
  LexAsn1.cxx
  LexASY.cxx
  LexAU3.cxx
  LexAVE.cxx
  LexAVS.cxx
  LexBaan.cxx
  LexBash.cxx
  LexBasic.cxx
  LexBatch.cxx
  LexBibTeX.cxx
  LexBullant.cxx
  LexCaml.cxx
  LexCLW.cxx
  LexCmake.cxx
  Generating Code...
  Compiling...
  LexCOBOL.cxx
  LexCoffeeScript.cxx
  LexCrontab.cxx
  LexCsound.cxx
  LexD.cxx
  LexDiff.cxx
  LexDMAP.cxx
  LexDMIS.cxx
  LexECL.cxx
  LexEiffel.cxx
  LexErlang.cxx
  LexErrorList.cxx
  LexEScript.cxx
  LexFlagship.cxx
  LexForth.cxx
  LexFortran.cxx
  LexGAP.cxx
  LexGui4Cli.cxx
  LexHaskell.cxx
  LexHex.cxx
  Generating Code...
  Compiling...
  LexInno.cxx
  LexJSON.cxx
  LexKix.cxx
  LexKVIrc.cxx
  LexLaTeX.cxx
  LexLisp.cxx
  LexLout.cxx
  LexLPeg.cxx
  LexLua.cxx
  LexMagik.cxx
  LexMake.cxx
  LexMarkdown.cxx
  LexMatlab.cxx
  LexMetapost.cxx
  LexMMIXAL.cxx
  LexModula.cxx
  LexMPT.cxx
  LexMSSQL.cxx
  LexMySQL.cxx
  LexNimrod.cxx
  Generating Code...
  Compiling...
  LexNsis.cxx
  LexNull.cxx
  LexOpal.cxx
  LexOScript.cxx
  LexPB.cxx
  LexPLM.cxx
  LexPO.cxx
  LexPOV.cxx
  LexPowerPro.cxx
  LexProgress.cxx
  LexProps.cxx
  LexPS.cxx
  LexR.cxx
  LexRebol.cxx
  LexRegistry.cxx
  LexRuby.cxx
  LexRust.cxx
  LexScriptol.cxx
  LexSmalltalk.cxx
  LexSML.cxx
  Generating Code...
  Compiling...
  LexSorcus.cxx
  LexSpecman.cxx
  LexSpice.cxx
  LexSTTXT.cxx
  LexTACL.cxx
  LexTADS3.cxx
  LexTAL.cxx
  LexTCL.cxx
  LexTCMD.cxx
  LexTeX.cxx
  LexTxt2tags.cxx
  LexVerilog.cxx
  LexVHDL.cxx
  LexVisualProlog.cxx
  LexYAML.cxx
  CharacterCategory.cxx
  DefaultLexer.cxx
  LexerNoExceptions.cxx
  CaseConvert.cxx
  CaseFolder.cxx
  Generating Code...
  Compiling...
  DBCS.cxx
  EditModel.cxx
  EditView.cxx
c:\Users\USER\Projects\Bikode\scintilla\src\EditModel.h(73,48): warning C4244: 'return': conversion from 'const _Ty' to 'int', possible loss of data [c:\Users\USER\Projects\Bikode\Notepad2e.vcxproj]
c:\Users\USER\Projects\Bikode\scintilla\src\EditModel.h(73,48): warning C4244:         with [c:\Users\USER\Projects\Bikode\Notepad2e.vcxproj]
c:\Users\USER\Projects\Bikode\scintilla\src\EditModel.h(73,48): warning C4244:         [ [c:\Users\USER\Projects\Bikode\Notepad2e.vcxproj]
c:\Users\USER\Projects\Bikode\scintilla\src\EditModel.h(73,48): warning C4244:             _Ty=Sci::Line [c:\Users\USER\Projects\Bikode\Notepad2e.vcxproj]
c:\Users\USER\Projects\Bikode\scintilla\src\EditModel.h(73,48): warning C4244:         ] [c:\Users\USER\Projects\Bikode\Notepad2e.vcxproj]
  (compiling source file 'scintilla/src/EditModel.cxx')
  
c:\Users\USER\Projects\Bikode\scintilla\src\EditModel.h(74,51): warning C4244: 'return': conversion from 'const _Ty' to 'int', possible loss of data [c:\Users\USER\Projects\Bikode\Notepad2e.vcxproj]
c:\Users\USER\Projects\Bikode\scintilla\src\EditModel.h(74,51): warning C4244:         with [c:\Users\USER\Projects\Bikode\Notepad2e.vcxproj]
c:\Users\USER\Projects\Bikode\scintilla\src\EditModel.h(74,51): warning C4244:         [ [c:\Users\USER\Projects\Bikode\Notepad2e.vcxproj]
c:\Users\USER\Projects\Bikode\scintilla\src\EditModel.h(74,51): warning C4244:             _Ty=Sci::Line [c:\Users\USER\Projects\Bikode\Notepad2e.vcxproj]
c:\Users\USER\Projects\Bikode\scintilla\src\EditModel.h(74,51): warning C4244:         ] [c:\Users\USER\Projects\Bikode\Notepad2e.vcxproj]
  (compiling source file 'scintilla/src/EditModel.cxx')
  
c:\Users\USER\Projects\Bikode\scintilla\src\EditModel.h(73,48): warning C4244: 'return': conversion from 'const _Ty' to 'int', possible loss of data [c:\Users\USER\Projects\Bikode\Notepad2e.vcxproj]
c:\Users\USER\Projects\Bikode\scintilla\src\EditModel.h(73,48): warning C4244:         with [c:\Users\USER\Projects\Bikode\Notepad2e.vcxproj]
c:\Users\USER\Projects\Bikode\scintilla\src\EditModel.h(73,48): warning C4244:         [ [c:\Users\USER\Projects\Bikode\Notepad2e.vcxproj]
c:\Users\USER\Projects\Bikode\scintilla\src\EditModel.h(73,48): warning C4244:             _Ty=Sci::Line [c:\Users\USER\Projects\Bikode\Notepad2e.vcxproj]
c:\Users\USER\Projects\Bikode\scintilla\src\EditModel.h(73,48): warning C4244:         ] [c:\Users\USER\Projects\Bikode\Notepad2e.vcxproj]
  (compiling source file 'scintilla/src/EditView.cxx')
  
c:\Users\USER\Projects\Bikode\scintilla\src\EditModel.h(74,51): warning C4244: 'return': conversion from 'const _Ty' to 'int', possible loss of data [c:\Users\USER\Projects\Bikode\Notepad2e.vcxproj]
c:\Users\USER\Projects\Bikode\scintilla\src\EditModel.h(74,51): warning C4244:         with [c:\Users\USER\Projects\Bikode\Notepad2e.vcxproj]
c:\Users\USER\Projects\Bikode\scintilla\src\EditModel.h(74,51): warning C4244:         [ [c:\Users\USER\Projects\Bikode\Notepad2e.vcxproj]
c:\Users\USER\Projects\Bikode\scintilla\src\EditModel.h(74,51): warning C4244:             _Ty=Sci::Line [c:\Users\USER\Projects\Bikode\Notepad2e.vcxproj]
c:\Users\USER\Projects\Bikode\scintilla\src\EditModel.h(74,51): warning C4244:         ] [c:\Users\USER\Projects\Bikode\Notepad2e.vcxproj]
  (compiling source file 'scintilla/src/EditView.cxx')
  
  MarginView.cxx
c:\Users\USER\Projects\Bikode\scintilla\src\EditModel.h(73,48): warning C4244: 'return': conversion from 'const _Ty' to 'int', possible loss of data [c:\Users\USER\Projects\Bikode\Notepad2e.vcxproj]
c:\Users\USER\Projects\Bikode\scintilla\src\EditModel.h(73,48): warning C4244:         with [c:\Users\USER\Projects\Bikode\Notepad2e.vcxproj]
c:\Users\USER\Projects\Bikode\scintilla\src\EditModel.h(73,48): warning C4244:         [ [c:\Users\USER\Projects\Bikode\Notepad2e.vcxproj]
c:\Users\USER\Projects\Bikode\scintilla\src\EditModel.h(73,48): warning C4244:             _Ty=Sci::Line [c:\Users\USER\Projects\Bikode\Notepad2e.vcxproj]
c:\Users\USER\Projects\Bikode\scintilla\src\EditModel.h(73,48): warning C4244:         ] [c:\Users\USER\Projects\Bikode\Notepad2e.vcxproj]
  (compiling source file 'scintilla/src/MarginView.cxx')
  
c:\Users\USER\Projects\Bikode\scintilla\src\EditModel.h(74,51): warning C4244: 'return': conversion from 'const _Ty' to 'int', possible loss of data [c:\Users\USER\Projects\Bikode\Notepad2e.vcxproj]
c:\Users\USER\Projects\Bikode\scintilla\src\EditModel.h(74,51): warning C4244:         with [c:\Users\USER\Projects\Bikode\Notepad2e.vcxproj]
c:\Users\USER\Projects\Bikode\scintilla\src\EditModel.h(74,51): warning C4244:         [ [c:\Users\USER\Projects\Bikode\Notepad2e.vcxproj]
c:\Users\USER\Projects\Bikode\scintilla\src\EditModel.h(74,51): warning C4244:             _Ty=Sci::Line [c:\Users\USER\Projects\Bikode\Notepad2e.vcxproj]
c:\Users\USER\Projects\Bikode\scintilla\src\EditModel.h(74,51): warning C4244:         ] [c:\Users\USER\Projects\Bikode\Notepad2e.vcxproj]
  (compiling source file 'scintilla/src/MarginView.cxx')
  
  UniqueString.cxx
  HanjaDic.cxx
  CALWImpl.cpp
c:\Users\USER\Projects\Bikode\src\Extension\CALWImpl.cpp(120,25): warning C4244: 'return': conversion from '__int64' to 'int', possible loss of data [c:\Users\USER\Projects\Bikode\Notepad2e.vcxproj]
c:\Users\USER\Projects\Bikode\src\Extension\CALWImpl.cpp(128,25): warning C4244: 'return': conversion from '__int64' to 'int', possible loss of data [c:\Users\USER\Projects\Bikode\Notepad2e.vcxproj]
c:\Users\USER\Projects\Bikode\src\Extension\CALWImpl.cpp(200,23): warning C4267: 'return': conversion from 'size_t' to 'int', possible loss of data [c:\Users\USER\Projects\Bikode\Notepad2e.vcxproj]
c:\Users\USER\Projects\Bikode\src\Extension\CALWImpl.cpp(246,51): warning C4267: '=': conversion from 'size_t' to 'int', possible loss of data [c:\Users\USER\Projects\Bikode\Notepad2e.vcxproj]
  CALWInterface.cpp
  DPIHelper.cpp
  EditHelperEx.cpp
c:\Users\USER\Projects\Bikode\src\Extension\EditHelperEx.cpp(144,5): warning C4996: 'GetVersionExW': was declared deprecated [c:\Users\USER\Projects\Bikode\Notepad2e.vcxproj]
c:\Users\USER\Projects\Bikode\src\Extension\EditHelperEx.cpp(350,25): warning C4244: 'return': conversion from '__int64' to 'int', possible loss of data [c:\Users\USER\Projects\Bikode\Notepad2e.vcxproj]
C:\Program Files (x86)\Microsoft Visual Studio\2022\BuildTools\VC\Tools\MSVC\14.44.35207\include\tuple(614,76): warning C4244: '=': conversion from '_Ty' to '_Ty', possible loss of data [c:\Users\USER\Projects\Bikode\Notepad2e.vcxproj]
C:\Program Files (x86)\Microsoft Visual Studio\2022\BuildTools\VC\Tools\MSVC\14.44.35207\include\tuple(614,76): warning C4244:         with [c:\Users\USER\Projects\Bikode\Notepad2e.vcxproj]
C:\Program Files (x86)\Microsoft Visual Studio\2022\BuildTools\VC\Tools\MSVC\14.44.35207\include\tuple(614,76): warning C4244:         [ [c:\Users\USER\Projects\Bikode\Notepad2e.vcxproj]
C:\Program Files (x86)\Microsoft Visual Studio\2022\BuildTools\VC\Tools\MSVC\14.44.35207\include\tuple(614,76): warning C4244:             _Ty=LRESULT [c:\Users\USER\Projects\Bikode\Notepad2e.vcxproj]
C:\Program Files (x86)\Microsoft Visual Studio\2022\BuildTools\VC\Tools\MSVC\14.44.35207\include\tuple(614,76): warning C4244:         ] [c:\Users\USER\Projects\Bikode\Notepad2e.vcxproj]
C:\Program Files (x86)\Microsoft Visual Studio\2022\BuildTools\VC\Tools\MSVC\14.44.35207\include\tuple(614,76): warning C4244:         and [c:\Users\USER\Projects\Bikode\Notepad2e.vcxproj]
C:\Program Files (x86)\Microsoft Visual Studio\2022\BuildTools\VC\Tools\MSVC\14.44.35207\include\tuple(614,76): warning C4244:         [ [c:\Users\USER\Projects\Bikode\Notepad2e.vcxproj]
C:\Program Files (x86)\Microsoft Visual Studio\2022\BuildTools\VC\Tools\MSVC\14.44.35207\include\tuple(614,76): warning C4244:             _Ty=int [c:\Users\USER\Projects\Bikode\Notepad2e.vcxproj]
C:\Program Files (x86)\Microsoft Visual Studio\2022\BuildTools\VC\Tools\MSVC\14.44.35207\include\tuple(614,76): warning C4244:         ] [c:\Users\USER\Projects\Bikode\Notepad2e.vcxproj]
  (compiling source file 'src/Extension/EditHelperEx.cpp')
      C:\Program Files (x86)\Microsoft Visual Studio\2022\BuildTools\VC\Tools\MSVC\14.44.35207\include\tuple(614,76):
      the template instantiation context (the oldest one first) is
          c:\Users\USER\Projects\Bikode\src\Extension\EditHelperEx.cpp(275,29):
          see reference to function template instantiation 'std::tuple<int,int,int,int,int> &std::tuple<int,int,int,int,int>::operator =<__int64,__int64,int,__int64,__int64,0>(std::tuple<__int64,__int64,int,__int64,__int64> &&) noexcept' being compiled
              c:\Users\USER\Projects\Bikode\src\Extension\EditHelperEx.cpp(275,29):
              see the first reference to 'std::tuple<int,int,int,int,int>::operator =' in 'n2e_SaveViewState'
  
  SplitterWnd.cpp
  ChatPanel.c
  WebViewUI.cpp
c:\Users\USER\Projects\Bikode\src\Notepad2.h(47,9): error C3646: 'wchData': unknown override specifier [c:\Users\USER\Projects\Bikode\Notepad2e.vcxproj]
  (compiling source file 'src/Extension/WebViewUI.cpp')
  
c:\Users\USER\Projects\Bikode\src\Notepad2.h(47,3): error C4430: missing type specifier - int assumed. Note: C++ does not support default-int [c:\Users\USER\Projects\Bikode\Notepad2e.vcxproj]
  (compiling source file 'src/Extension/WebViewUI.cpp')
  
c:\Users\USER\Projects\Bikode\src\Notepad2.h(106,1): error C4430: missing type specifier - int assumed. Note: C++ does not support default-int [c:\Users\USER\Projects\Bikode\Notepad2e.vcxproj]
  (compiling source file 'src/Extension/WebViewUI.cpp')
  
c:\Users\USER\Projects\Bikode\src\Notepad2.h(106,6): error C2146: syntax error: missing ';' before identifier 'InitApplication' [c:\Users\USER\Projects\Bikode\Notepad2e.vcxproj]
  (compiling source file 'src/Extension/WebViewUI.cpp')
  
c:\Users\USER\Projects\Bikode\src\Notepad2.h(107,1): error C4430: missing type specifier - int assumed. Note: C++ does not support default-int [c:\Users\USER\Projects\Bikode\Notepad2e.vcxproj]
  (compiling source file 'src/Extension/WebViewUI.cpp')
  
c:\Users\USER\Projects\Bikode\src\Notepad2.h(107,6): error C2146: syntax error: missing ';' before identifier 'InitInstance' [c:\Users\USER\Projects\Bikode\Notepad2e.vcxproj]
  (compiling source file 'src/Extension/WebViewUI.cpp')
  
c:\Users\USER\Projects\Bikode\src\Notepad2.h(109,19): error C2065: 'HINSTANCE': undeclared identifier [c:\Users\USER\Projects\Bikode\Notepad2e.vcxproj]
  (compiling source file 'src/Extension/WebViewUI.cpp')
  
c:\Users\USER\Projects\Bikode\src\Notepad2.h(109,6): error C2182: 'ExitInstance': this use of 'void' is not valid [c:\Users\USER\Projects\Bikode\Notepad2e.vcxproj]
  (compiling source file 'src/Extension/WebViewUI.cpp')
  
c:\Users\USER\Projects\Bikode\src\Notepad2.h(110,1): error C4430: missing type specifier - int assumed. Note: C++ does not support default-int [c:\Users\USER\Projects\Bikode\Notepad2e.vcxproj]
  (compiling source file 'src/Extension/WebViewUI.cpp')
  
c:\Users\USER\Projects\Bikode\src\Notepad2.h(110,1): error C2086: 'int BOOL': redefinition [c:\Users\USER\Projects\Bikode\Notepad2e.vcxproj]
  (compiling source file 'src/Extension/WebViewUI.cpp')
      c:\Users\USER\Projects\Bikode\src\Notepad2.h(106,1):
      see declaration of 'BOOL'
  
c:\Users\USER\Projects\Bikode\src\Notepad2.h(110,6): error C2146: syntax error: missing ';' before identifier 'ActivatePrevInst' [c:\Users\USER\Projects\Bikode\Notepad2e.vcxproj]
  (compiling source file 'src/Extension/WebViewUI.cpp')
  
c:\Users\USER\Projects\Bikode\src\Notepad2.h(111,1): error C4430: missing type specifier - int assumed. Note: C++ does not support default-int [c:\Users\USER\Projects\Bikode\Notepad2e.vcxproj]
  (compiling source file 'src/Extension/WebViewUI.cpp')
  
c:\Users\USER\Projects\Bikode\src\Notepad2.h(111,1): error C2086: 'int BOOL': redefinition [c:\Users\USER\Projects\Bikode\Notepad2e.vcxproj]
  (compiling source file 'src/Extension/WebViewUI.cpp')
      c:\Users\USER\Projects\Bikode\src\Notepad2.h(106,1):
      see declaration of 'BOOL'
  
c:\Users\USER\Projects\Bikode\src\Notepad2.h(111,6): error C2146: syntax error: missing ';' before identifier 'RelaunchMultiInst' [c:\Users\USER\Projects\Bikode\Notepad2e.vcxproj]
  (compiling source file 'src/Extension/WebViewUI.cpp')
  
c:\Users\USER\Projects\Bikode\src\Notepad2.h(112,1): error C4430: missing type specifier - int assumed. Note: C++ does not support default-int [c:\Users\USER\Projects\Bikode\Notepad2e.vcxproj]
  (compiling source file 'src/Extension/WebViewUI.cpp')
  
c:\Users\USER\Projects\Bikode\src\Notepad2.h(112,1): error C2086: 'int BOOL': redefinition [c:\Users\USER\Projects\Bikode\Notepad2e.vcxproj]
  (compiling source file 'src/Extension/WebViewUI.cpp')
      c:\Users\USER\Projects\Bikode\src\Notepad2.h(106,1):
      see declaration of 'BOOL'
  
c:\Users\USER\Projects\Bikode\src\Notepad2.h(112,6): error C2146: syntax error: missing ';' before identifier 'RelaunchElevated' [c:\Users\USER\Projects\Bikode\Notepad2e.vcxproj]
  (compiling source file 'src/Extension/WebViewUI.cpp')
  
c:\Users\USER\Projects\Bikode\src\Notepad2.h(113,6): error C2182: 'SnapToDefaultPos': this use of 'void' is not valid [c:\Users\USER\Projects\Bikode\Notepad2e.vcxproj]
  (compiling source file 'src/Extension/WebViewUI.cpp')
  
c:\Users\USER\Projects\Bikode\src\Notepad2.h(114,6): error C2182: 'ShowNotifyIcon': this use of 'void' is not valid [c:\Users\USER\Projects\Bikode\Notepad2e.vcxproj]
  (compiling source file 'src/Extension/WebViewUI.cpp')
  
c:\Users\USER\Projects\Bikode\src\Notepad2.h(114,20): error C2440: 'initializing': cannot convert from 'initializer list' to 'int' [c:\Users\USER\Projects\Bikode\Notepad2e.vcxproj]
  (compiling source file 'src/Extension/WebViewUI.cpp')
      c:\Users\USER\Projects\Bikode\src\Notepad2.h(114,20):
      The initializer contains too many elements
  
c:\Users\USER\Projects\Bikode\src\Notepad2.h(115,6): error C2182: 'SetNotifyIconTitle': this use of 'void' is not valid [c:\Users\USER\Projects\Bikode\Notepad2e.vcxproj]
  (compiling source file 'src/Extension/WebViewUI.cpp')
  
c:\Users\USER\Projects\Bikode\src\Notepad2.h(116,26): error C2065: 'LPCWSTR': undeclared identifier [c:\Users\USER\Projects\Bikode\Notepad2e.vcxproj]
  (compiling source file 'src/Extension/WebViewUI.cpp')
  
c:\Users\USER\Projects\Bikode\src\Notepad2.h(116,6): error C2182: 'InstallFileWatching': this use of 'void' is not valid [c:\Users\USER\Projects\Bikode\Notepad2e.vcxproj]
  (compiling source file 'src/Extension/WebViewUI.cpp')
  
c:\Users\USER\Projects\Bikode\src\Notepad2.h(117,6): error C2182: 'CALLBACK': this use of 'void' is not valid [c:\Users\USER\Projects\Bikode\Notepad2e.vcxproj]
  (compiling source file 'src/Extension/WebViewUI.cpp')
  
c:\Users\USER\Projects\Bikode\src\Notepad2.h(117,15): error C2146: syntax error: missing ';' before identifier 'WatchTimerProc' [c:\Users\USER\Projects\Bikode\Notepad2e.vcxproj]
  (compiling source file 'src/Extension/WebViewUI.cpp')
  
c:\Users\USER\Projects\Bikode\src\Notepad2.h(117,34): error C2143: syntax error: missing ')' before ',' [c:\Users\USER\Projects\Bikode\Notepad2e.vcxproj]
  (compiling source file 'src/Extension/WebViewUI.cpp')
  
c:\Users\USER\Projects\Bikode\src\Notepad2.h(117,30): error C4430: missing type specifier - int assumed. Note: C++ does not support default-int [c:\Users\USER\Projects\Bikode\Notepad2e.vcxproj]
  (compiling source file 'src/Extension/WebViewUI.cpp')
  
c:\Users\USER\Projects\Bikode\src\Notepad2.h(117,30): error C2086: 'int HWND': redefinition [c:\Users\USER\Projects\Bikode\Notepad2e.vcxproj]
  (compiling source file 'src/Extension/WebViewUI.cpp')
      c:\Users\USER\Projects\Bikode\src\Notepad2.h(107,1):
      see declaration of 'HWND'
  
c:\Users\USER\Projects\Bikode\src\Notepad2.h(117,36): error C4430: missing type specifier - int assumed. Note: C++ does not support default-int [c:\Users\USER\Projects\Bikode\Notepad2e.vcxproj]
  (compiling source file 'src/Extension/WebViewUI.cpp')
  
c:\Users\USER\Projects\Bikode\src\Notepad2.h(117,42): error C4430: missing type specifier - int assumed. Note: C++ does not support default-int [c:\Users\USER\Projects\Bikode\Notepad2e.vcxproj]
  (compiling source file 'src/Extension/WebViewUI.cpp')
  
c:\Users\USER\Projects\Bikode\src\Notepad2.h(117,57): error C2059: syntax error: ')' [c:\Users\USER\Projects\Bikode\Notepad2e.vcxproj]
  (compiling source file 'src/Extension/WebViewUI.cpp')
  
c:\Users\USER\Projects\Bikode\src\Notepad2.h(117,52): error C4430: missing type specifier - int assumed. Note: C++ does not support default-int [c:\Users\USER\Projects\Bikode\Notepad2e.vcxproj]
  (compiling source file 'src/Extension/WebViewUI.cpp')
  
c:\Users\USER\Projects\Bikode\src\Notepad2.h(118,6): error C2182: 'CALLBACK': this use of 'void' is not valid [c:\Users\USER\Projects\Bikode\Notepad2e.vcxproj]
  (compiling source file 'src/Extension/WebViewUI.cpp')
  
c:\Users\USER\Projects\Bikode\src\Notepad2.h(118,6): error C2086: 'int CALLBACK': redefinition [c:\Users\USER\Projects\Bikode\Notepad2e.vcxproj]
  (compiling source file 'src/Extension/WebViewUI.cpp')
      c:\Users\USER\Projects\Bikode\src\Notepad2.h(117,6):
      see declaration of 'CALLBACK'
  
c:\Users\USER\Projects\Bikode\src\Notepad2.h(118,15): error C2146: syntax error: missing ';' before identifier 'PasteBoardTimer' [c:\Users\USER\Projects\Bikode\Notepad2e.vcxproj]
  (compiling source file 'src/Extension/WebViewUI.cpp')
  
c:\Users\USER\Projects\Bikode\src\Notepad2.h(118,35): error C2143: syntax error: missing ')' before ',' [c:\Users\USER\Projects\Bikode\Notepad2e.vcxproj]
  (compiling source file 'src/Extension/WebViewUI.cpp')
  
c:\Users\USER\Projects\Bikode\src\Notepad2.h(118,31): error C4430: missing type specifier - int assumed. Note: C++ does not support default-int [c:\Users\USER\Projects\Bikode\Notepad2e.vcxproj]
  (compiling source file 'src/Extension/WebViewUI.cpp')
  
c:\Users\USER\Projects\Bikode\src\Notepad2.h(118,31): error C2086: 'int HWND': redefinition [c:\Users\USER\Projects\Bikode\Notepad2e.vcxproj]
  (compiling source file 'src/Extension/WebViewUI.cpp')
      c:\Users\USER\Projects\Bikode\src\Notepad2.h(107,1):
      see declaration of 'HWND'
  
c:\Users\USER\Projects\Bikode\src\Notepad2.h(118,37): error C4430: missing type specifier - int assumed. Note: C++ does not support default-int [c:\Users\USER\Projects\Bikode\Notepad2e.vcxproj]
  (compiling source file 'src/Extension/WebViewUI.cpp')
  
c:\Users\USER\Projects\Bikode\src\Notepad2.h(118,37): error C2086: 'int UINT': redefinition [c:\Users\USER\Projects\Bikode\Notepad2e.vcxproj]
  (compiling source file 'src/Extension/WebViewUI.cpp')
      c:\Users\USER\Projects\Bikode\src\Notepad2.h(117,36):
      see declaration of 'UINT'
  
c:\Users\USER\Projects\Bikode\src\Notepad2.h(118,43): error C4430: missing type specifier - int assumed. Note: C++ does not support default-int [c:\Users\USER\Projects\Bikode\Notepad2e.vcxproj]
  (compiling source file 'src/Extension/WebViewUI.cpp')
  
c:\Users\USER\Projects\Bikode\src\Notepad2.h(118,43): error C2086: 'int UINT_PTR': redefinition [c:\Users\USER\Projects\Bikode\Notepad2e.vcxproj]
  (compiling source file 'src/Extension/WebViewUI.cpp')
      c:\Users\USER\Projects\Bikode\src\Notepad2.h(117,42):
      see declaration of 'UINT_PTR'
  
c:\Users\USER\Projects\Bikode\src\Notepad2.h(118,58): error C2059: syntax error: ')' [c:\Users\USER\Projects\Bikode\Notepad2e.vcxproj]
  (compiling source file 'src/Extension/WebViewUI.cpp')
  
c:\Users\USER\Projects\Bikode\src\Notepad2.h(118,53): error C4430: missing type specifier - int assumed. Note: C++ does not support default-int [c:\Users\USER\Projects\Bikode\Notepad2e.vcxproj]
  (compiling source file 'src/Extension/WebViewUI.cpp')
  
c:\Users\USER\Projects\Bikode\src\Notepad2.h(118,53): error C2086: 'int DWORD': redefinition [c:\Users\USER\Projects\Bikode\Notepad2e.vcxproj]
  (compiling source file 'src/Extension/WebViewUI.cpp')
      c:\Users\USER\Projects\Bikode\src\Notepad2.h(117,52):
      see declaration of 'DWORD'
  
c:\Users\USER\Projects\Bikode\src\Notepad2.h(119,6): error C2182: 'CALLBACK': this use of 'void' is not valid [c:\Users\USER\Projects\Bikode\Notepad2e.vcxproj]
  (compiling source file 'src/Extension/WebViewUI.cpp')
  
c:\Users\USER\Projects\Bikode\src\Notepad2.h(119,6): error C2086: 'int CALLBACK': redefinition [c:\Users\USER\Projects\Bikode\Notepad2e.vcxproj]
  (compiling source file 'src/Extension/WebViewUI.cpp')
      c:\Users\USER\Projects\Bikode\src\Notepad2.h(117,6):
      see declaration of 'CALLBACK'
  
c:\Users\USER\Projects\Bikode\src\Notepad2.h(119,15): error C2146: syntax error: missing ';' before identifier 'DraftSaveTimer' [c:\Users\USER\Projects\Bikode\Notepad2e.vcxproj]
  (compiling source file 'src/Extension/WebViewUI.cpp')
  
c:\Users\USER\Projects\Bikode\src\Notepad2.h(119,34): error C2143: syntax error: missing ')' before ',' [c:\Users\USER\Projects\Bikode\Notepad2e.vcxproj]
  (compiling source file 'src/Extension/WebViewUI.cpp')
  
c:\Users\USER\Projects\Bikode\src\Notepad2.h(119,30): error C4430: missing type specifier - int assumed. Note: C++ does not support default-int [c:\Users\USER\Projects\Bikode\Notepad2e.vcxproj]
  (compiling source file 'src/Extension/WebViewUI.cpp')
  
c:\Users\USER\Projects\Bikode\src\Notepad2.h(119,30): error C2086: 'int HWND': redefinition [c:\Users\USER\Projects\Bikode\Notepad2e.vcxproj]
  (compiling source file 'src/Extension/WebViewUI.cpp')
      c:\Users\USER\Projects\Bikode\src\Notepad2.h(107,1):
      see declaration of 'HWND'
  
c:\Users\USER\Projects\Bikode\src\Notepad2.h(119,36): error C4430: missing type specifier - int assumed. Note: C++ does not support default-int [c:\Users\USER\Projects\Bikode\Notepad2e.vcxproj]
  (compiling source file 'src/Extension/WebViewUI.cpp')
  
c:\Users\USER\Projects\Bikode\src\Notepad2.h(119,36): error C2086: 'int UINT': redefinition [c:\Users\USER\Projects\Bikode\Notepad2e.vcxproj]
  (compiling source file 'src/Extension/WebViewUI.cpp')
      c:\Users\USER\Projects\Bikode\src\Notepad2.h(117,36):
      see declaration of 'UINT'
  
c:\Users\USER\Projects\Bikode\src\Notepad2.h(119,42): error C4430: missing type specifier - int assumed. Note: C++ does not support default-int [c:\Users\USER\Projects\Bikode\Notepad2e.vcxproj]
  (compiling source file 'src/Extension/WebViewUI.cpp')
  
c:\Users\USER\Projects\Bikode\src\Notepad2.h(119,42): error C2086: 'int UINT_PTR': redefinition [c:\Users\USER\Projects\Bikode\Notepad2e.vcxproj]
  (compiling source file 'src/Extension/WebViewUI.cpp')
      c:\Users\USER\Projects\Bikode\src\Notepad2.h(117,42):
      see declaration of 'UINT_PTR'
  
c:\Users\USER\Projects\Bikode\src\Notepad2.h(119,57): error C2059: syntax error: ')' [c:\Users\USER\Projects\Bikode\Notepad2e.vcxproj]
  (compiling source file 'src/Extension/WebViewUI.cpp')
  
c:\Users\USER\Projects\Bikode\src\Notepad2.h(119,52): error C4430: missing type specifier - int assumed. Note: C++ does not support default-int [c:\Users\USER\Projects\Bikode\Notepad2e.vcxproj]
  (compiling source file 'src/Extension/WebViewUI.cpp')
  
c:\Users\USER\Projects\Bikode\src\Notepad2.h(119,52): error C2086: 'int DWORD': redefinition [c:\Users\USER\Projects\Bikode\Notepad2e.vcxproj]
  (compiling source file 'src/Extension/WebViewUI.cpp')
      c:\Users\USER\Projects\Bikode\src\Notepad2.h(117,52):
      see declaration of 'DWORD'
  
c:\Users\USER\Projects\Bikode\src\Notepad2.h(122,6): error C2182: 'SaveSettings': this use of 'void' is not valid [c:\Users\USER\Projects\Bikode\Notepad2e.vcxproj]
  (compiling source file 'src/Extension/WebViewUI.cpp')
  
c:\Users\USER\Projects\Bikode\src\Notepad2.h(123,1): error C4430: missing type specifier - int assumed. Note: C++ does not support default-int [c:\Users\USER\Projects\Bikode\Notepad2e.vcxproj]
  (compiling source file 'src/Extension/WebViewUI.cpp')
  
c:\Users\USER\Projects\Bikode\src\Notepad2.h(123,1): error C2086: 'int BOOL': redefinition [c:\Users\USER\Projects\Bikode\Notepad2e.vcxproj]
  (compiling source file 'src/Extension/WebViewUI.cpp')
      c:\Users\USER\Projects\Bikode\src\Notepad2.h(106,1):
      see declaration of 'BOOL'
  
c:\Users\USER\Projects\Bikode\src\Notepad2.h(123,6): error C2146: syntax error: missing ';' before identifier 'ParseCommandLine' [c:\Users\USER\Projects\Bikode\Notepad2e.vcxproj]
  (compiling source file 'src/Extension/WebViewUI.cpp')
  
c:\Users\USER\Projects\Bikode\src\Notepad2.h(125,19): error C2065: 'LPWSTR': undeclared identifier [c:\Users\USER\Projects\Bikode\Notepad2e.vcxproj]
  (compiling source file 'src/Extension/WebViewUI.cpp')
  
c:\Users\USER\Projects\Bikode\src\Notepad2.h(125,27): error C2065: 'LPCWSTR': undeclared identifier [c:\Users\USER\Projects\Bikode\Notepad2e.vcxproj]
  (compiling source file 'src/Extension/WebViewUI.cpp')
  
c:\Users\USER\Projects\Bikode\src\Notepad2.h(125,18): error C2440: 'initializing': cannot convert from 'initializer list' to 'int' [c:\Users\USER\Projects\Bikode\Notepad2e.vcxproj]
  (compiling source file 'src/Extension/WebViewUI.cpp')
      c:\Users\USER\Projects\Bikode\src\Notepad2.h(125,18):
      The initializer contains too many elements
  
c:\Users\USER\Projects\Bikode\src\Notepad2.h(126,27): error C2065: 'LPWSTR': undeclared identifier [c:\Users\USER\Projects\Bikode\Notepad2e.vcxproj]
  (compiling source file 'src/Extension/WebViewUI.cpp')
  
c:\Users\USER\Projects\Bikode\src\Notepad2.h(126,35): error C2065: 'LPCWSTR': undeclared identifier [c:\Users\USER\Projects\Bikode\Notepad2e.vcxproj]
  (compiling source file 'src/Extension/WebViewUI.cpp')
  
c:\Users\USER\Projects\Bikode\src\Notepad2.h(126,26): error C2440: 'initializing': cannot convert from 'initializer list' to 'int' [c:\Users\USER\Projects\Bikode\Notepad2e.vcxproj]
  (compiling source file 'src/Extension/WebViewUI.cpp')
      c:\Users\USER\Projects\Bikode\src\Notepad2.h(126,26):
      The initializer contains too many elements
  
c:\Users\USER\Projects\Bikode\src\Notepad2.h(130,22): error C2065: 'LPCWSTR': undeclared identifier [c:\Users\USER\Projects\Bikode\Notepad2e.vcxproj]
  (compiling source file 'src/Extension/WebViewUI.cpp')
  
c:\Users\USER\Projects\Bikode\src\Notepad2.h(132,6): error C2182: 'EditInit': this use of 'void' is not valid [c:\Users\USER\Projects\Bikode\Notepad2e.vcxproj]
  (compiling source file 'src/Extension/WebViewUI.cpp')
  
c:\Users\USER\Projects\Bikode\src\Notepad2.h(135,6): error C2182: 'UpdateLineNumberWidth': this use of 'void' is not valid [c:\Users\USER\Projects\Bikode\Notepad2e.vcxproj]
  (compiling source file 'src/Extension/WebViewUI.cpp')
  
c:\Users\USER\Projects\Bikode\src\Notepad2.h(136,6): error C2182: 'OnDropCompleted': this use of 'void' is not valid [c:\Users\USER\Projects\Bikode\Notepad2e.vcxproj]
  (compiling source file 'src/Extension/WebViewUI.cpp')
  
c:\Users\USER\Projects\Bikode\src\Notepad2.h(137,6): error C2182: 'SetWordWrap': this use of 'void' is not valid [c:\Users\USER\Projects\Bikode\Notepad2e.vcxproj]
  (compiling source file 'src/Extension/WebViewUI.cpp')
  
c:\Users\USER\Projects\Bikode\src\Notepad2.h(138,6): error C2182: 'SetSelectEx': this use of 'void' is not valid [c:\Users\USER\Projects\Bikode\Notepad2e.vcxproj]
  (compiling source file 'src/Extension/WebViewUI.cpp')
  
c:\Users\USER\Projects\Bikode\src\Notepad2.h(139,6): error C2182: 'SetLongLineSettings': this use of 'void' is not valid [c:\Users\USER\Projects\Bikode\Notepad2e.vcxproj]
  (compiling source file 'src/Extension/WebViewUI.cpp')
  
c:\Users\USER\Projects\Bikode\src\Notepad2.h(140,6): error C2182: 'SetMarginWidthN': this use of 'void' is not valid [c:\Users\USER\Projects\Bikode\Notepad2e.vcxproj]
  (compiling source file 'src/Extension/WebViewUI.cpp')
  
c:\Users\USER\Projects\Bikode\src\Notepad2.h(141,6): error C2182: 'ShowWhiteSpace': this use of 'void' is not valid [c:\Users\USER\Projects\Bikode\Notepad2e.vcxproj]
  (compiling source file 'src/Extension/WebViewUI.cpp')
  
c:\Users\USER\Projects\Bikode\src\Notepad2.h(142,6): error C2182: 'SetViewEOL': this use of 'void' is not valid [c:\Users\USER\Projects\Bikode\Notepad2e.vcxproj]
  (compiling source file 'src/Extension/WebViewUI.cpp')
  
c:\Users\USER\Projects\Bikode\src\Notepad2.h(143,6): error C2182: 'SetShowWordWrapSymbols': this use of 'void' is not valid [c:\Users\USER\Projects\Bikode\Notepad2e.vcxproj]
  (compiling source file 'src/Extension/WebViewUI.cpp')
  
c:\Users\USER\Projects\Bikode\src\Notepad2.h(144,6): error C2182: 'HideMatchBraces': this use of 'void' is not valid [c:\Users\USER\Projects\Bikode\Notepad2e.vcxproj]
  (compiling source file 'src/Extension/WebViewUI.cpp')
  
c:\Users\USER\Projects\Bikode\src\Notepad2.h(146,1): error C4430: missing type specifier - int assumed. Note: C++ does not support default-int [c:\Users\USER\Projects\Bikode\Notepad2e.vcxproj]
  (compiling source file 'src/Extension/WebViewUI.cpp')
  
c:\Users\USER\Projects\Bikode\src\Notepad2.h(146,1): error C2086: 'int BOOL': redefinition [c:\Users\USER\Projects\Bikode\Notepad2e.vcxproj]
  (compiling source file 'src/Extension/WebViewUI.cpp')
      c:\Users\USER\Projects\Bikode\src\Notepad2.h(106,1):
      see declaration of 'BOOL'
  
c:\Users\USER\Projects\Bikode\src\Notepad2.h(146,6): error C2146: syntax error: missing ';' before identifier 'FileIO' [c:\Users\USER\Projects\Bikode\Notepad2e.vcxproj]
  (compiling source file 'src/Extension/WebViewUI.cpp')
  
c:\Users\USER\Projects\Bikode\src\Notepad2.h(147,1): error C4430: missing type specifier - int assumed. Note: C++ does not support default-int [c:\Users\USER\Projects\Bikode\Notepad2e.vcxproj]
  (compiling source file 'src/Extension/WebViewUI.cpp')
  
c:\Users\USER\Projects\Bikode\src\Notepad2.h(147,1): error C2086: 'int BOOL': redefinition [c:\Users\USER\Projects\Bikode\Notepad2e.vcxproj]
  (compiling source file 'src/Extension/WebViewUI.cpp')
      c:\Users\USER\Projects\Bikode\src\Notepad2.h(106,1):
      see declaration of 'BOOL'
  
c:\Users\USER\Projects\Bikode\src\Notepad2.h(147,6): error C2146: syntax error: missing ';' before identifier 'FileLoad' [c:\Users\USER\Projects\Bikode\Notepad2e.vcxproj]
  (compiling source file 'src/Extension/WebViewUI.cpp')
  
c:\Users\USER\Projects\Bikode\src\Notepad2.h(148,1): error C4430: missing type specifier - int assumed. Note: C++ does not support default-int [c:\Users\USER\Projects\Bikode\Notepad2e.vcxproj]
  (compiling source file 'src/Extension/WebViewUI.cpp')
  
c:\Users\USER\Projects\Bikode\src\Notepad2.h(148,1): error C2086: 'int BOOL': redefinition [c:\Users\USER\Projects\Bikode\Notepad2e.vcxproj]
  (compiling source file 'src/Extension/WebViewUI.cpp')
      c:\Users\USER\Projects\Bikode\src\Notepad2.h(106,1):
      see declaration of 'BOOL'
  
c:\Users\USER\Projects\Bikode\src\Notepad2.h(148,6): error C2146: syntax error: missing ';' before identifier '_FileLoad' [c:\Users\USER\Projects\Bikode\Notepad2e.vcxproj]
  (compiling source file 'src/Extension/WebViewUI.cpp')
  
c:\Users\USER\Projects\Bikode\src\Notepad2.h(149,1): error C4430: missing type specifier - int assumed. Note: C++ does not support default-int [c:\Users\USER\Projects\Bikode\Notepad2e.vcxproj]
  (compiling source file 'src/Extension/WebViewUI.cpp')
  
c:\Users\USER\Projects\Bikode\src\Notepad2.h(149,1): error C2086: 'int BOOL': redefinition [c:\Users\USER\Projects\Bikode\Notepad2e.vcxproj]
  (compiling source file 'src/Extension/WebViewUI.cpp')
      c:\Users\USER\Projects\Bikode\src\Notepad2.h(106,1):
      see declaration of 'BOOL'
  
c:\Users\USER\Projects\Bikode\src\Notepad2.h(149,6): error C2146: syntax error: missing ';' before identifier 'FileSave' [c:\Users\USER\Projects\Bikode\Notepad2e.vcxproj]
  (compiling source file 'src/Extension/WebViewUI.cpp')
  
c:\Users\USER\Projects\Bikode\src\Notepad2.h(150,1): error C4430: missing type specifier - int assumed. Note: C++ does not support default-int [c:\Users\USER\Projects\Bikode\Notepad2e.vcxproj]
  (compiling source file 'src/Extension/WebViewUI.cpp')
  
c:\Users\USER\Projects\Bikode\src\Notepad2.h(150,1): error C2086: 'int BOOL': redefinition [c:\Users\USER\Projects\Bikode\Notepad2e.vcxproj]
  (compiling source file 'src/Extension/WebViewUI.cpp')
      c:\Users\USER\Projects\Bikode\src\Notepad2.h(106,1):
      see declaration of 'BOOL'
  
c:\Users\USER\Projects\Bikode\src\Notepad2.h(150,6): error C2146: syntax error: missing ';' before identifier 'OpenFileDlg' [c:\Users\USER\Projects\Bikode\Notepad2e.vcxproj]
  (compiling source file 'src/Extension/WebViewUI.cpp')
  
c:\Users\USER\Projects\Bikode\src\Notepad2.h(151,1): error C4430: missing type specifier - int assumed. Note: C++ does not support default-int [c:\Users\USER\Projects\Bikode\Notepad2e.vcxproj]
  (compiling source file 'src/Extension/WebViewUI.cpp')
  
c:\Users\USER\Projects\Bikode\src\Notepad2.h(151,1): error C2086: 'int BOOL': redefinition [c:\Users\USER\Projects\Bikode\Notepad2e.vcxproj]
  (compiling source file 'src/Extension/WebViewUI.cpp')
      c:\Users\USER\Projects\Bikode\src\Notepad2.h(106,1):
      see declaration of 'BOOL'
  
c:\Users\USER\Projects\Bikode\src\Notepad2.h(151,6): error C2146: syntax error: missing ';' before identifier 'SaveFileDlg' [c:\Users\USER\Projects\Bikode\Notepad2e.vcxproj]
  (compiling source file 'src/Extension/WebViewUI.cpp')
  
c:\Users\USER\Projects\Bikode\src\Notepad2.h(154,1): error C4430: missing type specifier - int assumed. Note: C++ does not support default-int [c:\Users\USER\Projects\Bikode\Notepad2e.vcxproj]
  (compiling source file 'src/Extension/WebViewUI.cpp')
  
c:\Users\USER\Projects\Bikode\src\Notepad2.h(154,9): error C2146: syntax error: missing ';' before identifier 'CALLBACK' [c:\Users\USER\Projects\Bikode\Notepad2e.vcxproj]
  (compiling source file 'src/Extension/WebViewUI.cpp')
  
c:\Users\USER\Projects\Bikode\src\Notepad2.h(155,1): error C4430: missing type specifier - int assumed. Note: C++ does not support default-int [c:\Users\USER\Projects\Bikode\Notepad2e.vcxproj]
  (compiling source file 'src/Extension/WebViewUI.cpp')
  
c:\Users\USER\Projects\Bikode\src\Notepad2.h(155,1): error C2086: 'int LRESULT': redefinition [c:\Users\USER\Projects\Bikode\Notepad2e.vcxproj]
  (compiling source file 'src/Extension/WebViewUI.cpp')
      c:\Users\USER\Projects\Bikode\src\Notepad2.h(154,1):
      see declaration of 'LRESULT'
  
c:\Users\USER\Projects\Bikode\src\Notepad2.h(155,9): error C2146: syntax error: missing ';' before identifier 'MsgCreate' [c:\Users\USER\Projects\Bikode\Notepad2e.vcxproj]
  (compiling source file 'src/Extension/WebViewUI.cpp')
  
c:\Users\USER\Projects\Bikode\src\Notepad2.h(156,26): error C2065: 'HINSTANCE': undeclared identifier [c:\Users\USER\Projects\Bikode\Notepad2e.vcxproj]
  (compiling source file 'src/Extension/WebViewUI.cpp')
  
c:\Users\USER\Projects\Bikode\src\Notepad2.h(156,9): error C2182: 'CreateBars': this use of 'void' is not valid [c:\Users\USER\Projects\Bikode\Notepad2e.vcxproj]
  (compiling source file 'src/Extension/WebViewUI.cpp')
  
c:\Users\USER\Projects\Bikode\src\Notepad2.h(156,19): error C2440: 'initializing': cannot convert from 'initializer list' to 'int' [c:\Users\USER\Projects\Bikode\Notepad2e.vcxproj]
  (compiling source file 'src/Extension/WebViewUI.cpp')
      c:\Users\USER\Projects\Bikode\src\Notepad2.h(156,19):
      The initializer contains too many elements
  
c:\Users\USER\Projects\Bikode\src\Notepad2.h(156,19): error C1003: error count exceeds 100; stopping compilation [c:\Users\USER\Projects\Bikode\Notepad2e.vcxproj]
  (compiling source file 'src/Extension/WebViewUI.cpp')
  
  Print.cpp
c:\Users\USER\Projects\Bikode\src\Print.cpp(132,25): warning C4244: '=': conversion from 'LRESULT' to 'int', possible loss of data [c:\Users\USER\Projects\Bikode\Notepad2e.vcxproj]
c:\Users\USER\Projects\Bikode\src\Print.cpp(133,23): warning C4244: '=': conversion from 'LRESULT' to 'int', possible loss of data [c:\Users\USER\Projects\Bikode\Notepad2e.vcxproj]
c:\Users\USER\Projects\Bikode\src\Print.cpp(298,26): warning C4244: '=': conversion from 'LRESULT' to 'LONG', possible loss of data [c:\Users\USER\Projects\Bikode\Notepad2e.vcxproj]
c:\Users\USER\Projects\Bikode\src\Print.cpp(389,32): warning C4244: '=': conversion from 'LRESULT' to 'LONG', possible loss of data [c:\Users\USER\Projects\Bikode\Notepad2e.vcxproj]
c:\Users\USER\Projects\Bikode\src\Print.cpp(513,19): warning C4244: 'initializing': conversion from 'LRESULT' to 'LONG', possible loss of data [c:\Users\USER\Projects\Bikode\Notepad2e.vcxproj]
c:\Users\USER\Projects\Bikode\src\Print.cpp(519,42): warning C4244: '=': conversion from 'LRESULT' to 'int', possible loss of data [c:\Users\USER\Projects\Bikode\Notepad2e.vcxproj]
c:\Users\USER\Projects\Bikode\src\Print.cpp(520,42): warning C4244: '=': conversion from 'LRESULT' to 'int', possible loss of data [c:\Users\USER\Projects\Bikode\Notepad2e.vcxproj]
c:\Users\USER\Projects\Bikode\src\Print.cpp(521,42): warning C4244: '=': conversion from 'LRESULT' to 'int', possible loss of data [c:\Users\USER\Projects\Bikode\Notepad2e.vcxproj]
  LexAsm.cxx
  LexCPP.cxx
  LexCSS.cxx
  LexConf.cxx
  LexHTML.cxx
  LexPascal.cxx
  Generating Code...
  Compiling...
  LexPerl.cxx
  LexPowerShell.cxx
  LexPython.cxx
  LexSQL.cxx
  LexVB.cxx
  Accessor.cxx
  CharacterSet.cxx
  LexerBase.cxx
  LexerModule.cxx
  LexerSimple.cxx
  PropSetSimple.cxx
  StyleContext.cxx
  WordList.cxx
  AutoComplete.cxx
  CallTip.cxx
  Catalogue.cxx
  CellBuffer.cxx
  CharClassify.cxx
  ContractionState.cxx
  Decoration.cxx
  Generating Code...
  Compiling...
  Document.cxx
c:\Users\USER\Projects\Bikode\scintilla\src\Document.cxx(2768,12): warning C4244: 'return': conversion from 'Sci::Position' to 'int', possible loss of data [c:\Users\USER\Projects\Bikode\Notepad2e.vcxproj]
  Editor.cxx
c:\Users\USER\Projects\Bikode\scintilla\src\EditModel.h(73,48): warning C4244: 'return': conversion from 'const _Ty' to 'int', possible loss of data [c:\Users\USER\Projects\Bikode\Notepad2e.vcxproj]
c:\Users\USER\Projects\Bikode\scintilla\src\EditModel.h(73,48): warning C4244:         with [c:\Users\USER\Projects\Bikode\Notepad2e.vcxproj]
c:\Users\USER\Projects\Bikode\scintilla\src\EditModel.h(73,48): warning C4244:         [ [c:\Users\USER\Projects\Bikode\Notepad2e.vcxproj]
c:\Users\USER\Projects\Bikode\scintilla\src\EditModel.h(73,48): warning C4244:             _Ty=Sci::Line [c:\Users\USER\Projects\Bikode\Notepad2e.vcxproj]
c:\Users\USER\Projects\Bikode\scintilla\src\EditModel.h(73,48): warning C4244:         ] [c:\Users\USER\Projects\Bikode\Notepad2e.vcxproj]
  (compiling source file 'scintilla/src/Editor.cxx')
  
c:\Users\USER\Projects\Bikode\scintilla\src\EditModel.h(74,51): warning C4244: 'return': conversion from 'const _Ty' to 'int', possible loss of data [c:\Users\USER\Projects\Bikode\Notepad2e.vcxproj]
c:\Users\USER\Projects\Bikode\scintilla\src\EditModel.h(74,51): warning C4244:         with [c:\Users\USER\Projects\Bikode\Notepad2e.vcxproj]
c:\Users\USER\Projects\Bikode\scintilla\src\EditModel.h(74,51): warning C4244:         [ [c:\Users\USER\Projects\Bikode\Notepad2e.vcxproj]
c:\Users\USER\Projects\Bikode\scintilla\src\EditModel.h(74,51): warning C4244:             _Ty=Sci::Line [c:\Users\USER\Projects\Bikode\Notepad2e.vcxproj]
c:\Users\USER\Projects\Bikode\scintilla\src\EditModel.h(74,51): warning C4244:         ] [c:\Users\USER\Projects\Bikode\Notepad2e.vcxproj]
  (compiling source file 'scintilla/src/Editor.cxx')
  
  ExternalLexer.cxx
  Indicator.cxx
c:\Users\USER\Projects\Bikode\scintilla\src\Indicator.cxx(92,26): warning C4244: 'initializing': conversion from 'double' to 'int', possible loss of data [c:\Users\USER\Projects\Bikode\Notepad2e.vcxproj]
c:\Users\USER\Projects\Bikode\scintilla\src\Indicator.cxx(92,20): warning C4244: 'initializing': conversion from 'double' to 'const int', possible loss of data [c:\Users\USER\Projects\Bikode\Notepad2e.vcxproj]
  KeyMap.cxx
  LineMarker.cxx
  PerLine.cxx
  PositionCache.cxx
  RESearch.cxx
  RunStyles.cxx
  ScintillaBase.cxx
  AutoComplete.cxx
  Selection.cxx
  Style.cxx
  UniConversion.cxx
  ViewStyle.cxx
  XPM.cxx
  PlatWin.cxx
c:\Users\USER\Projects\Bikode\scintilla\win32\PlatWin.cxx(633,16): warning C4244: 'return': conversion from 'float' to 'int', possible loss of data [c:\Users\USER\Projects\Bikode\Notepad2e.vcxproj]
c:\Users\USER\Projects\Bikode\scintilla\win32\PlatWin.cxx(1251,16): warning C4244: 'return': conversion from 'float' to 'int', possible loss of data [c:\Users\USER\Projects\Bikode\Notepad2e.vcxproj]
c:\Users\USER\Projects\Bikode\scintilla\win32\PlatWin.cxx(1292,71): warning C4244: 'argument': conversion from 'int' to 'FLOAT', possible loss of data [c:\Users\USER\Projects\Bikode\Notepad2e.vcxproj]
c:\Users\USER\Projects\Bikode\scintilla\win32\PlatWin.cxx(1296,53): warning C4244: 'argument': conversion from 'int' to 'FLOAT', possible loss of data [c:\Users\USER\Projects\Bikode\Notepad2e.vcxproj]
  ScintillaWin.cxx
c:\Users\USER\Projects\Bikode\scintilla\win32\ScintillaWin.cxx(2158,22): warning C4267: 'argument': conversion from 'size_t' to 'int', possible loss of data [c:\Users\USER\Projects\Bikode\Notepad2e.vcxproj]
c:\Users\USER\Projects\Bikode\scintilla\win32\ScintillaWin.cxx(2163,23): warning C4267: 'argument': conversion from 'size_t' to 'int', possible loss of data [c:\Users\USER\Projects\Bikode\Notepad2e.vcxproj]
c:\Users\USER\Projects\Bikode\scintilla\win32\ScintillaWin.cxx(2420,49): warning C4267: 'argument': conversion from 'size_t' to 'UINT', possible loss of data [c:\Users\USER\Projects\Bikode\Notepad2e.vcxproj]
  Generating Code...

EXIT_CODE=1
