     1>ScintillaBase.obj : error LNK2019: unresolved external symbol "public: void __cdecl Scintilla::AutoComplete::Cancel(void)" (?Cancel@AutoComplete@Scintilla@@QEAAXXZ) referenced in function "protected: void __cdecl Scintilla::ScintillaBase::AutoCompleteStart(__int64,char const *)" (?AutoCompleteStart@ScintillaBase@Scintilla@@IEAAX_JPEBD@Z) [C:\Users\USER\Projects\Bikode\Notepad2e.vcxproj]
     1>ScintillaBase.obj : error LNK2019: unresolved external symbol "public: void __cdecl Scintilla::AutoComplete::Move(int)" (?Move@AutoComplete@Scintilla@@QEAAXH@Z) referenced in function "protected: void __cdecl Scintilla::ScintillaBase::AutoCompleteMove(int)" (?AutoCompleteMove@ScintillaBase@Scintilla@@IEAAXH@Z) [C:\Users\USER\Projects\Bikode\Notepad2e.vcxproj]
     1>ScintillaBase.obj : error LNK2019: unresolved external symbol "public: void __cdecl Scintilla::AutoComplete::Select(char const *)" (?Select@AutoComplete@Scintilla@@QEAAXPEBD@Z) referenced in function "protected: void __cdecl Scintilla::ScintillaBase::AutoCompleteMoveToCurrentWord(void)" (?AutoCompleteMoveToCurrentWord@ScintillaBase@Scintilla@@IEAAXXZ) [C:\Users\USER\Projects\Bikode\Notepad2e.vcxproj]
     1>C:\Users\USER\Projects\Bikode\bin\x64\Debug\Bikode.exe : fatal error LNK1120: 24 unresolved externals [C:\Users\USER\Projects\Bikode\Notepad2e.vcxproj]
         AutoComplete.obj : error LNK2019: unresolved external symbol SciCall_WordStartPosition referenced in function n2e_ShowAutoComplete [C:\Users\USER\Projects\Bikode\Notepad2e.vcxproj]
         AutoComplete.obj : error LNK2019: unresolved external symbol SciCall_GetTextRangePos referenced in function n2e_ShowAutoComplete [C:\Users\USER\Projects\Bikode\Notepad2e.vcxproj]
         AutoComplete.obj : error LNK2019: unresolved external symbol SciCall_AutoCSetIgnoreCase referenced in function n2e_ShowAutoComplete [C:\Users\USER\Projects\Bikode\Notepad2e.vcxproj]
         AutoComplete.obj : error LNK2019: unresolved external symbol SciCall_AutoCSetSeparator referenced in function n2e_ShowAutoComplete [C:\Users\USER\Projects\Bikode\Notepad2e.vcxproj]
         AutoComplete.obj : error LNK2019: unresolved external symbol SciCall_AutoCShow referenced in function n2e_ShowAutoComplete [C:\Users\USER\Projects\Bikode\Notepad2e.vcxproj]
         ScintillaBase.obj : error LNK2019: unresolved external symbol "public: __cdecl Scintilla::AutoComplete::AutoComplete(void)" (??0AutoComplete@Scintilla@@QEAA@XZ) referenced in function "protected: __cdecl Scintilla::ScintillaBase::ScintillaBase(void)" (??0ScintillaBase@Scintilla@@IEAA@XZ) [C:\Users\USER\Projects\Bikode\Notepad2e.vcxproj]
         ScintillaBase.obj : error LNK2019: unresolved external symbol "public: __cdecl Scintilla::AutoComplete::~AutoComplete(void)" (??1AutoComplete@Scintilla@@QEAA@XZ) referenced in function "public: virtual __cdecl Scintilla::ScintillaBase::~ScintillaBase(void)" (??1ScintillaBase@Scintilla@@UEAA@XZ) [C:\Users\USER\Projects\Bikode\Notepad2e.vcxproj]
         ScintillaBase.obj : error LNK2019: unresolved external symbol "public: bool __cdecl Scintilla::AutoComplete::Active(void)const " (?Active@AutoComplete@Scintilla@@QEBA_NXZ) referenced in function "protected: virtual void __cdecl Scintilla::ScintillaBase::InsertCharacter(char const *,unsigned int,enum Scintilla::EditModel::CharacterSource)" (?InsertCharacter@ScintillaBase@Scintilla@@MEAAXPEBDIW4CharacterSource@EditModel@2@@Z) [C:\Users\USER\Projects\Bikode\Notepad2e.vcxproj]
         ScintillaWin.obj : error LNK2001: unresolved external symbol "public: bool __cdecl Scintilla::AutoComplete::Active(void)const " (?Active@AutoComplete@Scintilla@@QEBA_NXZ) [C:\Users\USER\Projects\Bikode\Notepad2e.vcxproj]
         ScintillaBase.obj : error LNK2019: unresolved external symbol "public: void __cdecl Scintilla::AutoComplete::Start(class Scintilla::Window &,int,__int64,class Scintilla::Point,__int64,int,bool,int)" (?Start@AutoComplete@Scintilla@@QEAAXAEAVWindow@2@H_JVPoint@2@1H_NH@Z) referenced in function "protected: void __cdecl Scintilla::ScintillaBase::AutoCompleteStart(__int64,char const *)" (?AutoCompleteStart@ScintillaBase@Scintilla@@IEAAX_JPEBD@Z) [C:\Users\USER\Projects\Bikode\Notepad2e.vcxproj]
         ScintillaBase.obj : error LNK2019: unresolved external symbol "public: void __cdecl Scintilla::AutoComplete::SetStopChars(char const *)" (?SetStopChars@AutoComplete@Scintilla@@QEAAXPEBD@Z) referenced in function "public: virtual __int64 __cdecl Scintilla::ScintillaBase::WndProc(unsigned int,unsigned __int64,__int64)" (?WndProc@ScintillaBase@Scintilla@@UEAA_JI_K_J@Z) [C:\Users\USER\Projects\Bikode\Notepad2e.vcxproj]
         ScintillaBase.obj : error LNK2019: unresolved external symbol "public: bool __cdecl Scintilla::AutoComplete::IsStopChar(char)const " (?IsStopChar@AutoComplete@Scintilla@@QEBA_ND@Z) referenced in function "protected: void __cdecl Scintilla::ScintillaBase::AutoCompleteCharacterAdded(char)" (?AutoCompleteCharacterAdded@ScintillaBase@Scintilla@@IEAAXD@Z) [C:\Users\USER\Projects\Bikode\Notepad2e.vcxproj]
         ScintillaBase.obj : error LNK2019: unresolved external symbol "public: void __cdecl Scintilla::AutoComplete::SetFillUpChars(char const *)" (?SetFillUpChars@AutoComplete@Scintilla@@QEAAXPEBD@Z) referenced in function "public: virtual __int64 __cdecl Scintilla::ScintillaBase::WndProc(unsigned int,unsigned __int64,__int64)" (?WndProc@ScintillaBase@Scintilla@@UEAA_JI_K_J@Z) [C:\Users\USER\Projects\Bikode\Notepad2e.vcxproj]
         ScintillaBase.obj : error LNK2019: unresolved external symbol "public: bool __cdecl Scintilla::AutoComplete::IsFillUpChar(char)const " (?IsFillUpChar@AutoComplete@Scintilla@@QEBA_ND@Z) referenced in function "protected: virtual void __cdecl Scintilla::ScintillaBase::InsertCharacter(char const *,unsigned int,enum Scintilla::EditModel::CharacterSource)" (?InsertCharacter@ScintillaBase@Scintilla@@MEAAXPEBDIW4CharacterSource@EditModel@2@@Z) [C:\Users\USER\Projects\Bikode\Notepad2e.vcxproj]
         ScintillaBase.obj : error LNK2019: unresolved external symbol "public: void __cdecl Scintilla::AutoComplete::SetSeparator(char)" (?SetSeparator@AutoComplete@Scintilla@@QEAAXD@Z) referenced in function "public: virtual __int64 __cdecl Scintilla::ScintillaBase::WndProc(unsigned int,unsigned __int64,__int64)" (?WndProc@ScintillaBase@Scintilla@@UEAA_JI_K_J@Z) [C:\Users\USER\Projects\Bikode\Notepad2e.vcxproj]
         ScintillaBase.obj : error LNK2019: unresolved external symbol "public: char __cdecl Scintilla::AutoComplete::GetSeparator(void)const " (?GetSeparator@AutoComplete@Scintilla@@QEBADXZ) referenced in function "protected: void __cdecl Scintilla::ScintillaBase::AutoCompleteStart(__int64,char const *)" (?AutoCompleteStart@ScintillaBase@Scintilla@@IEAAX_JPEBD@Z) [C:\Users\USER\Projects\Bikode\Notepad2e.vcxproj]
         ScintillaBase.obj : error LNK2019: unresolved external symbol "public: void __cdecl Scintilla::AutoComplete::SetTypesep(char)" (?SetTypesep@AutoComplete@Scintilla@@QEAAXD@Z) referenced in function "public: virtual __int64 __cdecl Scintilla::ScintillaBase::WndProc(unsigned int,unsigned __int64,__int64)" (?WndProc@ScintillaBase@Scintilla@@UEAA_JI_K_J@Z) [C:\Users\USER\Projects\Bikode\Notepad2e.vcxproj]
         ScintillaBase.obj : error LNK2019: unresolved external symbol "public: char __cdecl Scintilla::AutoComplete::GetTypesep(void)const " (?GetTypesep@AutoComplete@Scintilla@@QEBADXZ) referenced in function "protected: void __cdecl Scintilla::ScintillaBase::AutoCompleteStart(__int64,char const *)" (?AutoCompleteStart@ScintillaBase@Scintilla@@IEAAX_JPEBD@Z) [C:\Users\USER\Projects\Bikode\Notepad2e.vcxproj]
         ScintillaBase.obj : error LNK2019: unresolved external symbol "public: void __cdecl Scintilla::AutoComplete::SetList(char const *)" (?SetList@AutoComplete@Scintilla@@QEAAXPEBD@Z) referenced in function "protected: void __cdecl Scintilla::ScintillaBase::AutoCompleteStart(__int64,char const *)" (?AutoCompleteStart@ScintillaBase@Scintilla@@IEAAX_JPEBD@Z) [C:\Users\USER\Projects\Bikode\Notepad2e.vcxproj]
         ScintillaBase.obj : error LNK2019: unresolved external symbol "public: int __cdecl Scintilla::AutoComplete::GetSelection(void)const " (?GetSelection@AutoComplete@Scintilla@@QEBAHXZ) referenced in function "protected: int __cdecl Scintilla::ScintillaBase::AutoCompleteGetCurrent(void)const " (?AutoCompleteGetCurrent@ScintillaBase@Scintilla@@IEBAHXZ) [C:\Users\USER\Projects\Bikode\Notepad2e.vcxproj]
         ScintillaBase.obj : error LNK2019: unresolved external symbol "public: class std::basic_string<char,struct std::char_traits<char>,class std::allocator<char> > __cdecl Scintilla::AutoComplete::GetValue(int)const " (?GetValue@AutoComplete@Scintilla@@QEBA?AV?$basic_string@DU?$char_traits@D@std@@V?$allocator@D@2@@std@@H@Z) referenced in function "protected: int __cdecl Scintilla::ScintillaBase::AutoCompleteGetCurrentText(char *)const " (?AutoCompleteGetCurrentText@ScintillaBase@Scintilla@@IEBAHPEAD@Z) [C:\Users\USER\Projects\Bikode\Notepad2e.vcxproj]
         ScintillaBase.obj : error LNK2019: unresolved external symbol "public: void __cdecl Scintilla::AutoComplete::Show(bool)" (?Show@AutoComplete@Scintilla@@QEAAX_N@Z) referenced in function "protected: void __cdecl Scintilla::ScintillaBase::AutoCompleteStart(__int64,char const *)" (?AutoCompleteStart@ScintillaBase@Scintilla@@IEAAX_JPEBD@Z) [C:\Users\USER\Projects\Bikode\Notepad2e.vcxproj]
         ScintillaBase.obj : error LNK2019: unresolved external symbol "public: void __cdecl Scintilla::AutoComplete::Cancel(void)" (?Cancel@AutoComplete@Scintilla@@QEAAXXZ) referenced in function "protected: void __cdecl Scintilla::ScintillaBase::AutoCompleteStart(__int64,char const *)" (?AutoCompleteStart@ScintillaBase@Scintilla@@IEAAX_JPEBD@Z) [C:\Users\USER\Projects\Bikode\Notepad2e.vcxproj]
         ScintillaBase.obj : error LNK2019: unresolved external symbol "public: void __cdecl Scintilla::AutoComplete::Move(int)" (?Move@AutoComplete@Scintilla@@QEAAXH@Z) referenced in function "protected: void __cdecl Scintilla::ScintillaBase::AutoCompleteMove(int)" (?AutoCompleteMove@ScintillaBase@Scintilla@@IEAAXH@Z) [C:\Users\USER\Projects\Bikode\Notepad2e.vcxproj]
         ScintillaBase.obj : error LNK2019: unresolved external symbol "public: void __cdecl Scintilla::AutoComplete::Select(char const *)" (?Select@AutoComplete@Scintilla@@QEAAXPEBD@Z) referenced in function "protected: void __cdecl Scintilla::ScintillaBase::AutoCompleteMoveToCurrentWord(void)" (?AutoCompleteMoveToCurrentWord@ScintillaBase@Scintilla@@IEAAXXZ) [C:\Users\USER\Projects\Bikode\Notepad2e.vcxproj]
         C:\Users\USER\Projects\Bikode\bin\x64\Debug\Bikode.exe : fatal error LNK1120: 24 unresolved externals [C:\Users\USER\Projects\Bikode\Notepad2e.vcxproj]
